
> proyecto-macario@0.0.0 build
> tsc -b && vite build

src/context/AppContext.tsx(245,15): error TS6133: 'triggerPushToMasters' is declared but its value is never read.
src/context/AppContext.tsx(259,72): error TS6133: 'payload' is declared but its value is never read.
